  Determining projects to restore...
  Restored C:\Users\olivi\Desktop\GitHub\S1-Modding\SantaHatItem\SantaHatItem.csproj (in 144 ms).
C:\Users\olivi\Desktop\GitHub\S1-Modding\SantaHatItem\Core.cs(4,49): error CS0103: The name 'Constants' does not exist in the current context [C:\Users\olivi\Desktop\GitHub\S1-Modding\SantaHatItem\SantaHatItem.csproj]
C:\Users\olivi\Desktop\GitHub\S1-Modding\SantaHatItem\Core.cs(4,69): error CS0103: The name 'Constants' does not exist in the current context [C:\Users\olivi\Desktop\GitHub\S1-Modding\SantaHatItem\SantaHatItem.csproj]
C:\Users\olivi\Desktop\GitHub\S1-Modding\SantaHatItem\Core.cs(4,92): error CS0103: The name 'Constants' does not exist in the current context [C:\Users\olivi\Desktop\GitHub\S1-Modding\SantaHatItem\SantaHatItem.csproj]
C:\Users\olivi\Desktop\GitHub\S1-Modding\SantaHatItem\Core.cs(5,22): error CS0103: The name 'Constants' does not exist in the current context [C:\Users\olivi\Desktop\GitHub\S1-Modding\SantaHatItem\SantaHatItem.csproj]
C:\Users\olivi\Desktop\GitHub\S1-Modding\SantaHatItem\Core.cs(5,50): error CS0103: The name 'Constants' does not exist in the current context [C:\Users\olivi\Desktop\GitHub\S1-Modding\SantaHatItem\SantaHatItem.csproj]
C:\Users\olivi\Desktop\GitHub\S1-Modding\SantaHatItem\Core.cs(1,20): error CS0234: The type or namespace name 'Utils' does not exist in the namespace 'SantaHatItem' (are you missing an assembly reference?) [C:\Users\olivi\Desktop\GitHub\S1-Modding\SantaHatItem\SantaHatItem.csproj]

Build FAILED.

C:\Users\olivi\Desktop\GitHub\S1-Modding\SantaHatItem\Core.cs(4,49): error CS0103: The name 'Constants' does not exist in the current context [C:\Users\olivi\Desktop\GitHub\S1-Modding\SantaHatItem\SantaHatItem.csproj]
C:\Users\olivi\Desktop\GitHub\S1-Modding\SantaHatItem\Core.cs(4,69): error CS0103: The name 'Constants' does not exist in the current context [C:\Users\olivi\Desktop\GitHub\S1-Modding\SantaHatItem\SantaHatItem.csproj]
C:\Users\olivi\Desktop\GitHub\S1-Modding\SantaHatItem\Core.cs(4,92): error CS0103: The name 'Constants' does not exist in the current context [C:\Users\olivi\Desktop\GitHub\S1-Modding\SantaHatItem\SantaHatItem.csproj]
C:\Users\olivi\Desktop\GitHub\S1-Modding\SantaHatItem\Core.cs(5,22): error CS0103: The name 'Constants' does not exist in the current context [C:\Users\olivi\Desktop\GitHub\S1-Modding\SantaHatItem\SantaHatItem.csproj]
C:\Users\olivi\Desktop\GitHub\S1-Modding\SantaHatItem\Core.cs(5,50): error CS0103: The name 'Constants' does not exist in the current context [C:\Users\olivi\Desktop\GitHub\S1-Modding\SantaHatItem\SantaHatItem.csproj]
C:\Users\olivi\Desktop\GitHub\S1-Modding\SantaHatItem\Core.cs(1,20): error CS0234: The type or namespace name 'Utils' does not exist in the namespace 'SantaHatItem' (are you missing an assembly reference?) [C:\Users\olivi\Desktop\GitHub\S1-Modding\SantaHatItem\SantaHatItem.csproj]
    0 Warning(s)
    6 Error(s)

Time Elapsed 00:00:00.92
